javac.exe : C:\Users\Anwender\IdeaProjects\nettool\src\main\java\networktool\gui\components\GuiNetworkMap.java:116: 
Fehler: Symbol nicht gefunden
In Zeile:2 Zeichen:344
+ ... | Out-Null; & $javacPath -encoding UTF-8 --release 22 -d $targetDir - ...
+                 ~~~~~~~~~~~~~~~~~~~~~~~~~~~~~~~~~~~~~~~~~~~~~~~~~~~~~~~~~
    + CategoryInfo          : NotSpecified: (C:\Users\Anwend... nicht gefunden:String) [], RemoteException
    + FullyQualifiedErrorId : NativeCommandError
 
    private static void startHopDiscovery(MapCanvas canvas) {
                                          ^
  Symbol: Klasse MapCanvas
  Ort: Klasse GuiNetworkMap
C:\Users\Anwender\IdeaProjects\nettool\src\main\java\networktool\gui\components\GuiNetworkMap.java:138: Fehler: Symbol 
nicht gefunden
    private static JLayeredPane buildLayered(MapCanvas canvas, Color bg) {
                                             ^
  Symbol: Klasse MapCanvas
  Ort: Klasse GuiNetworkMap
C:\Users\Anwender\IdeaProjects\nettool\src\main\java\networktool\gui\components\GuiNetworkMap.java:155: Fehler: Symbol 
nicht gefunden
    private static JPanel buildToolbar(MapCanvas canvas) {
                                       ^
  Symbol: Klasse MapCanvas
  Ort: Klasse GuiNetworkMap
C:\Users\Anwender\IdeaProjects\nettool\src\main\java\networktool\gui\map\MapContextMenu.java:23: Fehler: Package 
GuiNetworkMap ist nicht vorhanden
    static void show(GuiNetworkMap.Node node, Component comp, int x, int y, MapCanvas canvas) {
                                  ^
C:\Users\Anwender\IdeaProjects\nettool\src\main\java\networktool\gui\map\MapContextMenu.java:29: Fehler: Package 
GuiNetworkMap ist nicht vorhanden
    private static JPopupMenu buildMenu(GuiNetworkMap.Node node, boolean isSwitch, MapCanvas canvas) {
                                                     ^
C:\Users\Anwender\IdeaProjects\nettool\src\main\java\networktool\gui\components\GuiContextMenu.java:95: Fehler: Symbol 
nicht gefunden
                ContextMenuActions.promptAndSendMessage(ip, menuHandler)));
                ^
  Symbol: Variable ContextMenuActions
  Ort: Klasse GuiContextMenu
C:\Users\Anwender\IdeaProjects\nettool\src\main\java\networktool\gui\components\GuiContextMenu.java:105: Fehler: 
Symbol nicht gefunden
                    HostSaveDialog.save(ip, hn, os, col3, output)));
                    ^
  Symbol: Variable HostSaveDialog
  Ort: Klasse GuiContextMenu
C:\Users\Anwender\IdeaProjects\nettool\src\main\java\networktool\gui\components\GuiContextMenu.java:114: Fehler: 
Symbol nicht gefunden
                ContextMenuActions.sendWakeOnLan(ip, mac, menuHandler, output)));
                ^
  Symbol: Variable ContextMenuActions
  Ort: Klasse GuiContextMenu
C:\Users\Anwender\IdeaProjects\nettool\src\main\java\networktool\gui\core\GuiMenuHandler.java:99: Fehler: Symbol nicht 
gefunden
            case "23" -> GuiSonifyActions.toggle(input, output);
                         ^
  Symbol: Variable GuiSonifyActions
  Ort: Klasse GuiMenuHandler
C:\Users\Anwender\IdeaProjects\nettool\src\main\java\networktool\util\TableConfig.java:29: Fehler: Symbol nicht 
gefunden
    public static final Color ROW_BG_EVEN   = GuiTheme.ROW_EVEN;
                                              ^
  Symbol: Variable GuiTheme
  Ort: Klasse TableConfig
C:\Users\Anwender\IdeaProjects\nettool\src\main\java\networktool\gui\panels\GuiOutputPanel.java:44: Fehler: Symbol 
nicht gefunden
        Color barBg = GuiTheme.isDark() ? new Color(0x0C,0x0F,0x0D) : new Color(0xE8,0xE6,0xE0);
                      ^
  Symbol: Variable GuiTheme
  Ort: Klasse GuiOutputPanel
C:\Users\Anwender\IdeaProjects\nettool\src\main\java\networktool\gui\panels\GuiOutputPanel.java:45: Fehler: Symbol 
nicht gefunden
        Color barFg = GuiTheme.isDark() ? new Color(0x55,0x60,0x55) : new Color(0x60,0x62,0x5E);
                      ^
  Symbol: Variable GuiTheme
  Ort: Klasse GuiOutputPanel
C:\Users\Anwender\IdeaProjects\nettool\src\main\java\networktool\gui\panels\GuiOutputPanel.java:64: Fehler: Symbol 
nicht gefunden
                GuiTheme.isDark() ? new Color(0x10,0x14,0x12) : new Color(0xE0,0xDE,0xD8));
                ^
  Symbol: Variable GuiTheme
  Ort: Klasse GuiOutputPanel
C:\Users\Anwender\IdeaProjects\nettool\src\main\java\networktool\gui\panels\GuiOutputPanel.java:117: Fehler: Symbol 
nicht gefunden
        Color dimCol = GuiTheme.isDark() ? new Color(0x55,0x60,0x55) : new Color(0x70,0x72,0x6E);
                       ^
  Symbol: Variable GuiTheme
  Ort: Klasse GuiOutputPanel
C:\Users\Anwender\IdeaProjects\nettool\src\main\java\networktool\gui\panels\GuiOutputPanel.java:159: Fehler: Symbol 
nicht gefunden
        return GuiTheme.isDark() ? new Color(0x04,0x06,0x05) : new Color(0xFF,0xFF,0xFE);
               ^
  Symbol: Variable GuiTheme
  Ort: Klasse GuiOutputPanel
C:\Users\Anwender\IdeaProjects\nettool\src\main\java\networktool\gui\panels\GuiOutputPanel.java:163: Fehler: Symbol 
nicht gefunden
        return GuiTheme.isDark() ? new Color(0xE8,0xE4,0xD8) : new Color(0x10,0x12,0x10);
               ^
  Symbol: Variable GuiTheme
  Ort: Klasse GuiOutputPanel
C:\Users\Anwender\IdeaProjects\nettool\src\main\java\networktool\gui\panels\GuiOutputPanel.java:167: Fehler: Symbol 
nicht gefunden
        boolean dark = GuiTheme.isDark();
                       ^
  Symbol: Variable GuiTheme
  Ort: Klasse GuiOutputPanel
C:\Users\Anwender\IdeaProjects\nettool\src\main\java\networktool\util\TableConfig.java:30: Fehler: Symbol nicht 
gefunden
    public static final Color ROW_BG_ODD    = GuiTheme.ROW_ODD;
                                              ^
  Symbol: Variable GuiTheme
  Ort: Klasse TableConfig
C:\Users\Anwender\IdeaProjects\nettool\src\main\java\networktool\util\TableConfig.java:32: Fehler: Symbol nicht 
gefunden
    public static final Color HEADER_BORDER = GuiTheme.ACCENT;
                                              ^
  Symbol: Variable GuiTheme
  Ort: Klasse TableConfig
C:\Users\Anwender\IdeaProjects\nettool\src\main\java\networktool\gui\components\GuiStatusBar.java:31: Fehler: Symbol 
nicht gefunden
        boolean dark = GuiTheme.isDark();
                       ^
  Symbol: Variable GuiTheme
  Ort: Klasse GuiStatusBar
C:\Users\Anwender\IdeaProjects\nettool\src\main\java\networktool\gui\panels\GuiSavedHostsPanel.java:139: Fehler: 
iconBtn(String,Color,Runnable) ist nicht ÷ffentlich in GuiNetworkBar. Zugriff von externem Package nicht m÷glich
        bar.add(GuiNetworkBar.iconBtn("├âãÆ├é┬ó├âÔÇª├óÔé¼┼ô├â┬ó├óÔÇÜ┬¼├é┬?", ACCENT2, () ->
                             ^
C:\Users\Anwender\IdeaProjects\nettool\src\main\java\networktool\gui\panels\GuiSavedHostsPanel.java:225: Fehler: 
installDoubleClickCopy(JTable) ist nicht ÷ffentlich in GuiTableRenderer. Zugriff von externem Package nicht m÷glich
        GuiTableRenderer.installDoubleClickCopy(table);
                        ^
C:\Users\Anwender\IdeaProjects\nettool\src\main\java\networktool\gui\components\GuiSearchBar.java:38: Fehler: Symbol 
nicht gefunden
        setBackground(GuiTheme.isDark() ? new Color(0x0A, 0x0E, 0x0B) : new Color(0xE8, 0xE6, 0xE0));
                      ^
  Symbol: Variable GuiTheme
  Ort: Klasse GuiSearchBar
C:\Users\Anwender\IdeaProjects\nettool\src\main\java\networktool\gui\components\GuiSearchBar.java:49: Fehler: Symbol 
nicht gefunden
        field.setForeground(GuiTheme.isDark() ? new Color(0xE8, 0xE4, 0xD8) : new Color(0x14, 0x16, 0x12));
                            ^
  Symbol: Variable GuiTheme
  Ort: Klasse GuiSearchBar
C:\Users\Anwender\IdeaProjects\nettool\src\main\java\networktool\gui\components\GuiSearchBar.java:50: Fehler: Symbol 
nicht gefunden
        field.setBackground(GuiTheme.isDark() ? new Color(0x10, 0x14, 0x11) : Color.WHITE);
                            ^
  Symbol: Variable GuiTheme
  Ort: Klasse GuiSearchBar
C:\Users\Anwender\IdeaProjects\nettool\src\main\java\networktool\gui\components\GuiSearchBar.java:78: Fehler: Symbol 
nicht gefunden
        resultPanel.setBackground(GuiTheme.isDark() ? new Color(0x08, 0x0B, 0x09) : Color.WHITE);
                                  ^
  Symbol: Variable GuiTheme
  Ort: Klasse GuiSearchBar
C:\Users\Anwender\IdeaProjects\nettool\src\main\java\networktool\gui\components\GuiSearchBar.java:187: Fehler: Symbol 
nicht gefunden
        Color rowBg  = GuiTheme.isDark() ? new Color(0x0C, 0x10, 0x0D) : new Color(0xF4, 0xF2, 0xEE);
                       ^
  Symbol: Variable GuiTheme
  Ort: Klasse GuiSearchBar
C:\Users\Anwender\IdeaProjects\nettool\src\main\java\networktool\gui\components\GuiSearchBar.java:188: Fehler: Symbol 
nicht gefunden
        Color rowHov = GuiTheme.isDark() ? new Color(0x18, 0x22, 0x18) : new Color(0xE4, 0xE2, 0xDC);
                       ^
  Symbol: Variable GuiTheme
  Ort: Klasse GuiSearchBar
C:\Users\Anwender\IdeaProjects\nettool\src\main\java\networktool\gui\components\GuiSearchBar.java:207: Fehler: Symbol 
nicht gefunden
        hnLbl.setForeground(GuiTheme.isDark() ? new Color(0xC0, 0xBC, 0xB0) : new Color(0x30, 0x32, 0x2E));
                            ^
  Symbol: Variable GuiTheme
  Ort: Klasse GuiSearchBar
C:\Users\Anwender\IdeaProjects\nettool\src\main\java\networktool\gui\components\GuiNetworkMap.java:60: Fehler: Symbol 
nicht gefunden
        Color bg = GuiTheme.isDark() ? new Color(0x06, 0x09, 0x07) : new Color(0xF2, 0xF0, 0xEC);
                   ^
  Symbol: Variable GuiTheme
  Ort: Klasse GuiNetworkMap
C:\Users\Anwender\IdeaProjects\nettool\src\main\java\networktool\gui\components\GuiNetworkMap.java:61: Fehler: Symbol 
nicht gefunden
        MapCanvas canvas    = new MapCanvas(bg);
        ^
  Symbol: Klasse MapCanvas
  Ort: Klasse GuiNetworkMap
C:\Users\Anwender\IdeaProjects\nettool\src\main\java\networktool\gui\components\GuiNetworkMap.java:61: Fehler: Symbol 
nicht gefunden
        MapCanvas canvas    = new MapCanvas(bg);
                                  ^
  Symbol: Klasse MapCanvas
  Ort: Klasse GuiNetworkMap
C:\Users\Anwender\IdeaProjects\nettool\src\main\java\networktool\gui\components\GuiNetworkMap.java:122: Fehler: Symbol 
nicht gefunden
                HOP_PARENT.putAll(MapHopDiscovery.discover());
                                  ^
  Symbol: Variable MapHopDiscovery
  Ort: Klasse GuiNetworkMap
C:\Users\Anwender\IdeaProjects\nettool\src\main\java\networktool\gui\components\GuiNetworkMap.java:151: Fehler: Symbol 
nicht gefunden
        pane.add(MapLegend.build(), JLayeredPane.PALETTE_LAYER);
                 ^
  Symbol: Variable MapLegend
  Ort: Klasse GuiNetworkMap
C:\Users\Anwender\IdeaProjects\nettool\src\main\java\networktool\gui\components\GuiNetworkMap.java:156: Fehler: Symbol 
nicht gefunden
        Color barBg = GuiTheme.isDark() ? new Color(0x0A, 0x0E, 0x0B) : new Color(0xE4, 0xE2, 0xDC);
                      ^
  Symbol: Variable GuiTheme
  Ort: Klasse GuiNetworkMap
C:\Users\Anwender\IdeaProjects\nettool\src\main\java\networktool\gui\components\GuiNetworkMap.java:181: Fehler: Symbol 
nicht gefunden
                MapSwitchStore.add(ip);
                ^
  Symbol: Variable MapSwitchStore
  Ort: Klasse GuiNetworkMap
C:\Users\Anwender\IdeaProjects\nettool\src\main\java\networktool\gui\components\GuiNetworkMap.java:209: Fehler: Symbol 
nicht gefunden
        f.setBackground(GuiTheme.isDark() ? new Color(0x10, 0x14, 0x10) : Color.WHITE);
                        ^
  Symbol: Variable GuiTheme
  Ort: Klasse GuiNetworkMap
C:\Users\Anwender\IdeaProjects\nettool\src\main\java\networktool\gui\components\GuiNetworkMap.java:230: Fehler: Symbol 
nicht gefunden
        b.setBackground(GuiTheme.isDark() ? new Color(0x18, 0x22, 0x18) : new Color(0xDC, 0xDA, 0xD4));
                        ^
  Symbol: Variable GuiTheme
  Ort: Klasse GuiNetworkMap
C:\Users\Anwender\IdeaProjects\nettool\src\main\java\networktool\gui\components\GuiNetworkMap.java:236: Fehler: Symbol 
nicht gefunden
                b.setBackground(GuiTheme.isDark() ? new Color(0x24, 0x30, 0x24) : new Color(0xCC, 0xCA, 0xC4));
                                ^
  Symbol: Variable GuiTheme
C:\Users\Anwender\IdeaProjects\nettool\src\main\java\networktool\gui\components\GuiNetworkMap.java:239: Fehler: Symbol 
nicht gefunden
                b.setBackground(GuiTheme.isDark() ? new Color(0x18, 0x22, 0x18) : new Color(0xDC, 0xDA, 0xD4));
                                ^
  Symbol: Variable GuiTheme
C:\Users\Anwender\IdeaProjects\nettool\src\main\java\networktool\gui\map\MapCanvas.java:78: Fehler: HOP_PARENT ist 
nicht ÷ffentlich in GuiNetworkMap. Zugriff von externem Package nicht m÷glich
        edges.addAll(MapTopology.buildEdges(nodes, gwNode, selfNode, GuiNetworkMap.HOP_PARENT));
                                                                                  ^
C:\Users\Anwender\IdeaProjects\nettool\src\main\java\networktool\gui\map\MapCanvas.java:185: Fehler: HOP_PARENT ist 
nicht ÷ffentlich in GuiNetworkMap. Zugriff von externem Package nicht m÷glich
        for (String hopIp : GuiNetworkMap.HOP_PARENT.values()) {
                                         ^
C:\Users\Anwender\IdeaProjects\nettool\src\main\java\networktool\gui\components\GuiProgressBar.java:105: Fehler: 
Symbol nicht gefunden
        boolean dark = GuiTheme.isDark();
                       ^
  Symbol: Variable GuiTheme
  Ort: Klasse GuiProgressBar
C:\Users\Anwender\IdeaProjects\nettool\src\main\java\networktool\gui\components\GuiScanActions.java:141: Fehler: 
Symbol nicht gefunden
                sp.setBorder(new javax.swing.border.LineBorder(GuiTheme.BORDER, 1));
                                                               ^
  Symbol: Variable GuiTheme
  Ort: Klasse GuiScanActions
C:\Users\Anwender\IdeaProjects\nettool\src\main\java\networktool\gui\components\GuiScanActions.java:145: Fehler: 
Symbol nicht gefunden
                        GuiTheme.ACCENT);
                        ^
  Symbol: Variable GuiTheme
  Ort: Klasse GuiScanActions
C:\Users\Anwender\IdeaProjects\nettool\src\main\java\networktool\gui\components\GuiScanActions.java:151: Fehler: 
Symbol nicht gefunden
                        GuiTheme.ACCENT2);
                        ^
  Symbol: Variable GuiTheme
  Ort: Klasse GuiScanActions
C:\Users\Anwender\IdeaProjects\nettool\src\main\java\networktool\gui\components\GuiSidebar.java:214: Fehler: Symbol 
nicht gefunden
        p.setBackground(GuiTheme.isDark() ? new Color(0x10, 0x14, 0x11) : new Color(0xE0, 0xDE, 0xD8));
                        ^
  Symbol: Variable GuiTheme
  Ort: Klasse GuiSidebar
C:\Users\Anwender\IdeaProjects\nettool\src\main\java\networktool\gui\components\GuiSidebar.java:223: Fehler: Symbol 
nicht gefunden
        lbl.setForeground(GuiTheme.isDark() ? new Color(0x80, 0x78, 0x50) : new Color(0x72, 0x58, 0x18));
                          ^
  Symbol: Variable GuiTheme
  Ort: Klasse GuiSidebar
C:\Users\Anwender\IdeaProjects\nettool\src\main\java\networktool\gui\components\GuiSidebar.java:235: Fehler: Symbol 
nicht gefunden
                p.setBackground(GuiTheme.isDark() ? new Color(0x10, 0x14, 0x11) : new Color(0xE0, 0xDE, 0xD8));
                                ^
  Symbol: Variable GuiTheme
C:\Users\Anwender\IdeaProjects\nettool\src\main\java\networktool\gui\components\GuiSidebar.java:236: Fehler: Symbol 
nicht gefunden
                lbl.setForeground(GuiTheme.isDark() ? new Color(0x80, 0x78, 0x50) : new Color(0x72, 0x58, 0x18));
                                  ^
  Symbol: Variable GuiTheme
C:\Users\Anwender\IdeaProjects\nettool\src\main\java\networktool\gui\components\GuiSidebar.java:243: Fehler: Symbol 
nicht gefunden
        Color fg = GuiTheme.isDark() ? new Color(0xD8, 0xD4, 0xC4) : new Color(0x18, 0x1A, 0x16);
                   ^
  Symbol: Variable GuiTheme
  Ort: Klasse GuiSidebar
C:\Users\Anwender\IdeaProjects\nettool\src\main\java\networktool\gui\components\GuiSonifyActions.java:21: Fehler: 
Symbol nicht gefunden
        TrafficSonifier sonifier = TrafficSonifier.getInstance();
                                                  ^
  Symbol: Methode getInstance()
  Ort: Klasse TrafficSonifier
C:\Users\Anwender\IdeaProjects\nettool\src\main\java\networktool\gui\components\GuiSonifyActions.java:22: Fehler: 
Symbol nicht gefunden
        if (sonifier.isActive()) {
                    ^
  Symbol: Methode isActive()
  Ort: Variable sonifier von Typ TrafficSonifier
C:\Users\Anwender\IdeaProjects\nettool\src\main\java\networktool\gui\components\GuiSonifyActions.java:23: Fehler: 
Symbol nicht gefunden
            sonifier.stop();
                    ^
  Symbol: Methode stop()
  Ort: Variable sonifier von Typ TrafficSonifier
C:\Users\Anwender\IdeaProjects\nettool\src\main\java\networktool\gui\components\GuiSonifyActions.java:30: Fehler: 
Symbol nicht gefunden
            sonifier.start(name);
                    ^
  Symbol: Methode start(String)
  Ort: Variable sonifier von Typ TrafficSonifier
C:\Users\Anwender\IdeaProjects\nettool\src\main\java\networktool\gui\components\PingGraphRenderer.java:25: Fehler: 
Symbol nicht gefunden
        g2.setColor(GuiTheme.isDark() ? new Color(0x18, 0x22, 0x1A) : new Color(0xE0, 0xDE, 0xD8));
                    ^
  Symbol: Variable GuiTheme
  Ort: Klasse PingGraphRenderer
C:\Users\Anwender\IdeaProjects\nettool\src\main\java\networktool\gui\core\GUI.java:77: Fehler: Symbol nicht gefunden
        getContentPane().setBackground(GuiTheme.BG);
                                       ^
  Symbol: Variable GuiTheme
  Ort: Klasse GUI
C:\Users\Anwender\IdeaProjects\nettool\src\main\java\networktool\gui\core\GUI.java:110: Fehler: Symbol nicht gefunden
                    admin ? GuiTheme.ACCENT : GuiTheme.ACCENT2);
                            ^
  Symbol: Variable GuiTheme
  Ort: Klasse GUI
C:\Users\Anwender\IdeaProjects\nettool\src\main\java\networktool\gui\core\GUI.java:110: Fehler: Symbol nicht gefunden
                    admin ? GuiTheme.ACCENT : GuiTheme.ACCENT2);
                                              ^
  Symbol: Variable GuiTheme
  Ort: Klasse GUI
C:\Users\Anwender\IdeaProjects\nettool\src\main\java\networktool\gui\core\GUI.java:151: Fehler: Symbol nicht gefunden
            outputPanel.appendText("  ├â┬ó├àÔÇ£├óÔé¼┬ó Fremdnetz-Scanner: nur f├âãÆ├é┬╝r Admins.\n", GuiTheme.WARN);
                                                                                                     ^
  Symbol: Variable GuiTheme
  Ort: Klasse GUI
C:\Users\Anwender\IdeaProjects\nettool\src\main\java\networktool\gui\core\GUI.java:156: Fehler: Symbol nicht gefunden
                outputPanel.appendText("  ├â┬ó├àÔÇ£├óÔé¼┬ó Audit-Log: nur f├âãÆ├é┬╝r Admins.\n", GuiTheme.WARN);
                                                                                                 ^
  Symbol: Variable GuiTheme
  Ort: Klasse GUI
C:\Users\Anwender\IdeaProjects\nettool\src\main\java\networktool\gui\core\GUI.java:181: Fehler: Symbol nicht gefunden
        bottom.setBackground(GuiTheme.PANEL_BG);
                             ^
  Symbol: Variable GuiTheme
  Ort: Klasse GUI
C:\Users\Anwender\IdeaProjects\nettool\src\main\java\networktool\gui\core\GUI.java:186: Fehler: Symbol nicht gefunden
        centerArea.setBackground(GuiTheme.BG);
                                 ^
  Symbol: Variable GuiTheme
  Ort: Klasse GUI
C:\Users\Anwender\IdeaProjects\nettool\src\main\java\networktool\gui\core\GUI.java:192: Fehler: Symbol nicht gefunden
        main.setBackground(GuiTheme.BG);
                           ^
  Symbol: Variable GuiTheme
  Ort: Klasse GUI
C:\Users\Anwender\IdeaProjects\nettool\src\main\java\networktool\gui\core\GUI.java:252: Fehler: Symbol nicht gefunden
        GuiTheme.toggleTheme();
        ^
  Symbol: Variable GuiTheme
  Ort: Klasse GUI
C:\Users\Anwender\IdeaProjects\nettool\src\main\java\networktool\gui\core\GUI.java:253: Fehler: Symbol nicht gefunden
        GuiTheme.applyToStatics();
        ^
  Symbol: Variable GuiTheme
  Ort: Klasse GUI
C:\Users\Anwender\IdeaProjects\nettool\src\main\java\networktool\gui\core\GUI.java:254: Fehler: Symbol nicht gefunden
        String msg = GuiTheme.isDark() ? "Dark Mode" : "Light Mode";
                     ^
  Symbol: Variable GuiTheme
  Ort: Klasse GUI
C:\Users\Anwender\IdeaProjects\nettool\src\main\java\networktool\gui\core\GUI.java:255: Fehler: Symbol nicht gefunden
        getContentPane().setBackground(GuiTheme.BG);
                                       ^
  Symbol: Variable GuiTheme
  Ort: Klasse GUI
C:\Users\Anwender\IdeaProjects\nettool\src\main\java\networktool\gui\core\GUI.java:267: Fehler: Symbol nicht gefunden
        outputPanel.appendText("  " + msg + " aktiviert.\n", GuiTheme.ACCENT);
                                                             ^
  Symbol: Variable GuiTheme
  Ort: Klasse GUI
C:\Users\Anwender\IdeaProjects\nettool\src\main\java\networktool\gui\core\GUI.java:268: Fehler: Symbol nicht gefunden
        statusBar.set("Theme: " + msg, GuiTheme.ACCENT2);
                                       ^
  Symbol: Variable GuiTheme
  Ort: Klasse GUI
C:\Users\Anwender\IdeaProjects\nettool\src\main\java\networktool\gui\hostdetails\HostDetailRows.java:54: Fehler: 
Symbol nicht gefunden
        btn.setBackground(GuiTheme.isDark() ? new Color(0x18, 0x1E, 0x18) : new Color(0xE0, 0xDE, 0xD8));
                          ^
  Symbol: Variable GuiTheme
  Ort: Klasse HostDetailRows
C:\Users\Anwender\IdeaProjects\nettool\src\main\java\networktool\gui\hostdetails\HostDetailRows.java:60: Fehler: 
Symbol nicht gefunden
                btn.setBackground(GuiTheme.isDark() ? new Color(0x25, 0x2E, 0x25) : new Color(0xD0, 0xCE, 0xC8));
                                  ^
  Symbol: Variable GuiTheme
C:\Users\Anwender\IdeaProjects\nettool\src\main\java\networktool\gui\hostdetails\HostDetailRows.java:63: Fehler: 
Symbol nicht gefunden
                btn.setBackground(GuiTheme.isDark() ? new Color(0x18, 0x1E, 0x18) : new Color(0xE0, 0xDE, 0xD8));
                                  ^
  Symbol: Variable GuiTheme
C:\Users\Anwender\IdeaProjects\nettool\src\main\java\networktool\gui\hostdetails\HostDetailsPanel.java:36: Fehler: 
Symbol nicht gefunden
        Color bg    = GuiTheme.isDark() ? new Color(0x08, 0x0B, 0x09) : new Color(0xF8, 0xF6, 0xF2);
                      ^
  Symbol: Variable GuiTheme
  Ort: Klasse HostDetailsPanel
C:\Users\Anwender\IdeaProjects\nettool\src\main\java\networktool\gui\hostdetails\HostDetailsPanel.java:37: Fehler: 
Symbol nicht gefunden
        Color panBg = GuiTheme.isDark() ? new Color(0x0F, 0x13, 0x10) : new Color(0xEE, 0xEC, 0xE6);
                      ^
  Symbol: Variable GuiTheme
  Ort: Klasse HostDetailsPanel
C:\Users\Anwender\IdeaProjects\nettool\src\main\java\networktool\gui\hostdetails\HostDetailsPanel.java:57: Fehler: 
Symbol nicht gefunden
        header.setBackground(GuiTheme.isDark() ? new Color(0x0A, 0x0E, 0x0B) : new Color(0xE4, 0xE2, 0xDC));
                             ^
  Symbol: Variable GuiTheme
  Ort: Klasse HostDetailsPanel
C:\Users\Anwender\IdeaProjects\nettool\src\main\java\networktool\gui\hostdetails\HostDetailsPanel.java:87: Fehler: 
Symbol nicht gefunden
        Color panBg = GuiTheme.isDark() ? new Color(0x0F, 0x13, 0x10) : new Color(0xEE, 0xEC, 0xE6);
                      ^
  Symbol: Variable GuiTheme
  Ort: Klasse HostDetailsPanel
C:\Users\Anwender\IdeaProjects\nettool\src\main\java\networktool\gui\hostdetails\HostDetailsPanel.java:90: Fehler: 
Symbol nicht gefunden
        tabs.setBackground(GuiTheme.isDark() ? new Color(0x08, 0x0B, 0x09) : new Color(0xF8, 0xF6, 0xF2));
                           ^
  Symbol: Variable GuiTheme
  Ort: Klasse HostDetailsPanel
C:\Users\Anwender\IdeaProjects\nettool\src\main\java\networktool\gui\hostdetails\HostPingTab.java:56: Fehler: Symbol 
nicht gefunden
                PingGraphRenderer.paint((Graphics2D) g, getBackground(), history, getWidth(), getHeight());
                ^
  Symbol: Variable PingGraphRenderer
C:\Users\Anwender\IdeaProjects\nettool\src\main\java\networktool\gui\hostdetails\HostPingTab.java:59: Fehler: Symbol 
nicht gefunden
        graphPanel.setBackground(GuiTheme.isDark() ? new Color(0x05, 0x08, 0x06) : new Color(0xF8, 0xF6, 0xF2));
                                 ^
  Symbol: Variable GuiTheme
  Ort: Klasse HostPingTab
C:\Users\Anwender\IdeaProjects\nettool\src\main\java\networktool\gui\hostdetails\HostPingTab.java:134: Fehler: Symbol 
nicht gefunden
        list.setBackground(GuiTheme.isDark() ? new Color(0x05, 0x08, 0x06) : Color.WHITE);
                           ^
  Symbol: Variable GuiTheme
  Ort: Klasse HostPingTab
C:\Users\Anwender\IdeaProjects\nettool\src\main\java\networktool\gui\hostdetails\HostNotesTab.java:50: Fehler: Symbol 
nicht gefunden
        area.setForeground(GuiTheme.isDark() ? new Color(0xFF, 0xE8, 0x90) : new Color(0x60, 0x48, 0x08));
                           ^
  Symbol: Variable GuiTheme
  Ort: Klasse HostNotesTab
C:\Users\Anwender\IdeaProjects\nettool\src\main\java\networktool\gui\hostdetails\HostNotesTab.java:51: Fehler: Symbol 
nicht gefunden
        area.setBackground(GuiTheme.isDark() ? new Color(0x10, 0x0E, 0x04) : new Color(0xFF, 0xFB, 0xE8));
                           ^
  Symbol: Variable GuiTheme
  Ort: Klasse HostNotesTab
C:\Users\Anwender\IdeaProjects\nettool\src\main\java\networktool\gui\hostdetails\HostSaveDialog.java:79: Fehler: doc 
ist nicht ÷ffentlich in GuiOutputPanel. Zugriff von externem Package nicht m÷glich
                output.doc.insertString(output.doc.getLength(), msg, a);
                      ^
C:\Users\Anwender\IdeaProjects\nettool\src\main\java\networktool\gui\hostdetails\HostSaveDialog.java:79: Fehler: doc 
ist nicht ÷ffentlich in GuiOutputPanel. Zugriff von externem Package nicht m÷glich
                output.doc.insertString(output.doc.getLength(), msg, a);
                                              ^
C:\Users\Anwender\IdeaProjects\nettool\src\main\java\networktool\gui\hostdetails\HostSaveDialog.java:81: Fehler: doc 
ist nicht ÷ffentlich in GuiOutputPanel. Zugriff von externem Package nicht m÷glich
                pane.setCaretPosition(Math.min(caret, output.doc.getLength()));
                                                            ^
C:\Users\Anwender\IdeaProjects\nettool\src\main\java\networktool\gui\login\LoginScreens.java:39: Fehler: Symbol nicht 
gefunden
        JPanel form = formPanel(GuiTheme.PANEL_BG);
                                ^
  Symbol: Variable GuiTheme
  Ort: Klasse LoginScreens
C:\Users\Anwender\IdeaProjects\nettool\src\main\java\networktool\gui\login\RegisterScreen.java:37: Fehler: Symbol 
nicht gefunden
        JPanel form = formPanel(GuiTheme.PANEL_BG);
                                ^
  Symbol: Variable GuiTheme
  Ort: Klasse RegisterScreen
C:\Users\Anwender\IdeaProjects\nettool\src\main\java\networktool\gui\map\MapContextMenu.java:24: Fehler: Package 
GuiNetworkMap ist nicht vorhanden
        boolean isSwitch = node.type == GuiNetworkMap.NodeType.SWITCH;
                                                     ^
C:\Users\Anwender\IdeaProjects\nettool\src\main\java\networktool\gui\map\MapContextMenu.java:49: Fehler: Symbol nicht 
gefunden
        details.addActionListener(e -> HostDetailsPanel.show(node.ip, node.hostname, node.os,
                                       ^
  Symbol: Variable HostDetailsPanel
  Ort: Klasse MapContextMenu
C:\Users\Anwender\IdeaProjects\nettool\src\main\java\networktool\gui\map\MapRenderer.java:31: Fehler: Symbol nicht 
gefunden
        g2.setColor(GuiTheme.isDark()
                    ^
  Symbol: Variable GuiTheme
  Ort: Klasse MapRenderer
C:\Users\Anwender\IdeaProjects\nettool\src\main\java\networktool\gui\map\MapRenderer.java:50: Fehler: Symbol nicht 
gefunden
                g2.setColor(GuiTheme.isDark()
                            ^
  Symbol: Variable GuiTheme
  Ort: Klasse MapRenderer
C:\Users\Anwender\IdeaProjects\nettool\src\main\java\networktool\gui\map\MapRenderer.java:74: Fehler: Symbol nicht 
gefunden
        Color bodyBg = GuiTheme.isDark()
                       ^
  Symbol: Variable GuiTheme
  Ort: Klasse MapRenderer
C:\Users\Anwender\IdeaProjects\nettool\src\main\java\networktool\gui\map\MapRenderer.java:110: Fehler: Symbol nicht 
gefunden
        Color dimColor = GuiTheme.isDark()
                         ^
  Symbol: Variable GuiTheme
  Ort: Klasse MapRenderer
C:\Users\Anwender\IdeaProjects\nettool\src\main\java\networktool\gui\panels\GuiAuditPanel.java:42: Fehler: Symbol 
nicht gefunden
        Color bg    = GuiTheme.isDark() ? new Color(0x08, 0x0B, 0x09) : new Color(0xF4, 0xF2, 0xEE);
                      ^
  Symbol: Variable GuiTheme
  Ort: Klasse GuiAuditPanel
C:\Users\Anwender\IdeaProjects\nettool\src\main\java\networktool\gui\panels\GuiAuditPanel.java:43: Fehler: Symbol 
nicht gefunden
        Color panBg = GuiTheme.isDark() ? new Color(0x0F, 0x13, 0x10) : new Color(0xE8, 0xE6, 0xE0);
                      ^
  Symbol: Variable GuiTheme
  Ort: Klasse GuiAuditPanel
C:\Users\Anwender\IdeaProjects\nettool\src\main\java\networktool\gui\panels\GuiAuditPanel.java:59: Fehler: Symbol 
nicht gefunden
        sp.setBackground(GuiTheme.rowEven());
                         ^
  Symbol: Variable GuiTheme
  Ort: Klasse GuiAuditPanel
C:\Users\Anwender\IdeaProjects\nettool\src\main\java\networktool\gui\panels\GuiAuditPanel.java:60: Fehler: Symbol 
nicht gefunden
        sp.getViewport().setBackground(GuiTheme.rowEven());
                                       ^
  Symbol: Variable GuiTheme
  Ort: Klasse GuiAuditPanel
C:\Users\Anwender\IdeaProjects\nettool\src\main\java\networktool\gui\panels\GuiAuditTable.java:49: Fehler: Symbol 
nicht gefunden
                    c.setBackground(row % 2 == 0 ? GuiTheme.rowEven() : GuiTheme.rowOdd());
                                                   ^
  Symbol: Variable GuiTheme
C:\Users\Anwender\IdeaProjects\nettool\src\main\java\networktool\gui\panels\GuiAuditTable.java:49: Fehler: Symbol 
nicht gefunden
                    c.setBackground(row % 2 == 0 ? GuiTheme.rowEven() : GuiTheme.rowOdd());
                                                                        ^
  Symbol: Variable GuiTheme
Hinweis: Einige Eingabedateien verwenden oder ³berschreiben eine veraltete API.
Hinweis: Wiederholen Sie die Kompilierung mit -Xlint:deprecation, um Details zu erhalten.
100 Fehler
Nur die ersten 100 Fehler von insgesamt 104 werden angezeigt. Mit -Xmaxerrs k÷nnen Sie mehr Fehler anzeigen
