{"v":2,"ts":"2026-09-23 14:31:20","category":"AUDIT","user":"User","level":"","action":"APP_START","detail":"GUI"}
{"v":2,"ts":"2026-09-23 14:31:27","category":"AUDIT","user":"User","level":"","action":"SECURITY_MONITOR_START","detail":"Interval=30s"}
{"v":2,"ts":"2026-09-23 14:31:30","category":"AUDIT","user":"User","level":"","action":"GET_ADMIN","detail":"User"}
{"v":2,"ts":"2026-09-23 14:31:38","category":"AUDIT","user":"User","level":"","action":"MENU","detail":"27"}
{"v":2,"ts":"2026-09-23 14:31:38","category":"AUDIT","user":"User","level":"","action":"SECURITY_FINDINGS","detail":""}
{"v":2,"ts":"2026-09-23 14:31:41","category":"AUDIT","user":"User","level":"","action":"MENU","detail":"28"}
{"v":2,"ts":"2026-09-23 14:31:43","category":"AUDIT","user":"User","level":"","action":"MENU","detail":"46"}
{"v":2,"ts":"2026-09-23 14:31:44","category":"AUDIT","user":"User","level":"","action":"MENU","detail":"46"}
{"v":2,"ts":"2026-09-23 14:31:58","category":"AUDIT","user":"User","level":"","action":"BANDWIDTH_HISTORY","detail":""}
{"v":2,"ts":"2026-09-23 14:32:00","category":"AUDIT","user":"User","level":"","action":"MENU","detail":"46"}
{"v":2,"ts":"2026-09-23 14:32:00","category":"AUDIT","user":"User","level":"","action":"MENU","detail":"46"}
{"v":2,"ts":"2026-09-23 14:32:01","category":"AUDIT","user":"User","level":"","action":"MENU","detail":"46"}
{"v":2,"ts":"2026-09-23 14:32:01","category":"AUDIT","user":"User","level":"","action":"MENU","detail":"46"}
{"v":2,"ts":"2026-09-23 14:32:03","category":"AUDIT","user":"User","level":"","action":"MENU","detail":"46"}
{"v":2,"ts":"2026-09-23 14:32:03","category":"AUDIT","user":"User","level":"","action":"MENU","detail":"46"}
{"v":2,"ts":"2026-09-23 14:32:03","category":"AUDIT","user":"User","level":"","action":"MENU","detail":"46"}
{"v":2,"ts":"2026-09-23 14:32:03","category":"AUDIT","user":"User","level":"","action":"MENU","detail":"46"}
{"v":2,"ts":"2026-09-23 14:32:03","category":"AUDIT","user":"User","level":"","action":"MENU","detail":"46"}
{"v":2,"ts":"2026-09-23 14:32:04","category":"AUDIT","user":"User","level":"","action":"MENU","detail":"46"}
{"v":2,"ts":"2026-09-23 14:32:04","category":"AUDIT","user":"User","level":"","action":"MENU","detail":"46"}
{"v":2,"ts":"2026-09-23 14:32:04","category":"AUDIT","user":"User","level":"","action":"MENU","detail":"46"}
{"v":2,"ts":"2026-09-23 14:32:04","category":"AUDIT","user":"User","level":"","action":"MENU","detail":"46"}
{"v":2,"ts":"2026-09-23 14:32:04","category":"AUDIT","user":"User","level":"","action":"MENU","detail":"46"}
{"v":2,"ts":"2026-09-23 14:32:05","category":"AUDIT","user":"User","level":"","action":"MENU","detail":"46"}
{"v":2,"ts":"2026-09-23 14:32:05","category":"AUDIT","user":"User","level":"","action":"MENU","detail":"46"}
{"v":2,"ts":"2026-09-23 14:32:05","category":"AUDIT","user":"User","level":"","action":"MENU","detail":"46"}
{"v":2,"ts":"2026-09-23 14:32:25","category":"AUDIT","user":"User","level":"","action":"APP_EXIT","detail":"User"}
{"v":2,"ts":"2026-09-23 14:36:10","category":"AUDIT","user":"User","level":"","action":"APP_START","detail":"GUI"}
{"v":2,"ts":"2026-09-23 14:36:16","category":"AUDIT","user":"User","level":"","action":"SECURITY_MONITOR_START","detail":"Interval=30s"}
{"v":2,"ts":"2026-09-23 14:36:17","category":"AUDIT","user":"User","level":"","action":"GET_ADMIN","detail":"User"}
{"v":2,"ts":"2026-09-23 14:36:19","category":"AUDIT","user":"User","level":"","action":"MENU","detail":"46"}
{"v":2,"ts":"2026-09-23 14:36:20","category":"AUDIT","user":"User","level":"","action":"MENU","detail":"46"}
{"v":2,"ts":"2026-09-23 14:36:21","category":"AUDIT","user":"User","level":"","action":"MENU","detail":"46"}
{"v":2,"ts":"2026-09-23 14:36:23","category":"AUDIT","user":"User","level":"","action":"MENU","detail":"46"}
{"v":2,"ts":"2026-09-23 14:36:24","category":"AUDIT","user":"User","level":"","action":"MENU","detail":"46"}
{"v":2,"ts":"2026-09-23 14:36:25","category":"AUDIT","user":"User","level":"","action":"MENU","detail":"46"}
{"v":2,"ts":"2026-09-23 14:36:27","category":"AUDIT","user":"User","level":"","action":"MENU","detail":"01"}
{"v":2,"ts":"2026-09-23 14:36:28","category":"AUDIT","user":"User","level":"","action":"SCAN_MINIMAL","detail":""}
{"v":2,"ts":"2026-09-23 14:37:39","category":"AUDIT","user":"User","level":"","action":"MENU","detail":"46"}
{"v":2,"ts":"2026-09-23 14:37:40","category":"AUDIT","user":"User","level":"","action":"MENU","detail":"01"}
{"v":2,"ts":"2026-09-23 14:37:41","category":"AUDIT","user":"User","level":"","action":"SCAN_MINIMAL","detail":""}
{"v":2,"ts":"2026-09-23 14:38:09","category":"AUDIT","user":"User","level":"","action":"APP_EXIT","detail":"User"}
{"v":2,"ts":"2026-09-23 14:41:04","category":"AUDIT","user":"User","level":"","action":"APP_START","detail":"GUI"}
{"v":2,"ts":"2026-09-23 14:41:10","category":"AUDIT","user":"User","level":"","action":"SECURITY_MONITOR_START","detail":"Interval=30s"}
{"v":2,"ts":"2026-09-23 14:41:13","category":"AUDIT","user":"User","level":"","action":"GET_ADMIN","detail":"User"}
{"v":2,"ts":"2026-09-23 14:41:15","category":"AUDIT","user":"User","level":"","action":"MENU","detail":"46"}
{"v":2,"ts":"2026-09-23 14:41:16","category":"AUDIT","user":"User","level":"","action":"MENU","detail":"46"}
{"v":2,"ts":"2026-09-23 14:41:17","category":"AUDIT","user":"User","level":"","action":"MENU","detail":"46"}
{"v":2,"ts":"2026-09-23 14:41:18","category":"AUDIT","user":"User","level":"","action":"MENU","detail":"46"}
{"v":2,"ts":"2026-09-23 14:41:20","category":"AUDIT","user":"User","level":"","action":"MENU","detail":"01"}
{"v":2,"ts":"2026-09-23 14:41:20","category":"AUDIT","user":"User","level":"","action":"SCAN_MINIMAL","detail":""}
{"v":2,"ts":"2026-09-23 14:41:59","category":"AUDIT","user":"User","level":"","action":"APP_EXIT","detail":"User"}
{"v":2,"ts":"2026-09-23 14:46:21","category":"AUDIT","user":"User","level":"","action":"APP_START","detail":"GUI"}
{"v":2,"ts":"2026-09-23 14:46:27","category":"AUDIT","user":"User","level":"","action":"SECURITY_MONITOR_START","detail":"Interval=30s"}
{"v":2,"ts":"2026-09-23 14:46:28","category":"AUDIT","user":"User","level":"","action":"GET_ADMIN","detail":"User"}
{"v":2,"ts":"2026-09-23 14:46:54","category":"AUDIT","user":"User","level":"","action":"APP_EXIT","detail":"User"}
{"v":2,"ts":"2026-09-23 14:48:25","category":"AUDIT","user":"User","level":"","action":"APP_START","detail":"GUI"}
{"v":2,"ts":"2026-09-23 14:48:31","category":"AUDIT","user":"User","level":"","action":"SECURITY_MONITOR_START","detail":"Interval=30s"}
{"v":2,"ts":"2026-09-23 14:48:31","category":"AUDIT","user":"User","level":"","action":"GET_ADMIN","detail":"User"}
{"v":2,"ts":"2026-09-23 14:49:23","category":"AUDIT","user":"User","level":"","action":"APP_EXIT","detail":"User"}
{"v":2,"ts":"2026-09-23 14:52:18","category":"AUDIT","user":"User","level":"","action":"APP_START","detail":"GUI"}
{"v":2,"ts":"2026-09-23 14:52:24","category":"AUDIT","user":"User","level":"","action":"SECURITY_MONITOR_START","detail":"Interval=30s"}
{"v":2,"ts":"2026-09-23 14:52:24","category":"AUDIT","user":"User","level":"","action":"GET_ADMIN","detail":"User"}
{"v":2,"ts":"2026-09-23 14:52:47","category":"AUDIT","user":"User","level":"","action":"APP_EXIT","detail":"User"}
{"v":2,"ts":"2026-09-23 14:55:12","category":"AUDIT","user":"User","level":"","action":"APP_START","detail":"GUI"}
{"v":2,"ts":"2026-09-23 14:55:17","category":"AUDIT","user":"User","level":"","action":"SECURITY_MONITOR_START","detail":"Interval=30s"}
{"v":2,"ts":"2026-09-23 14:55:18","category":"AUDIT","user":"User","level":"","action":"GET_ADMIN","detail":"User"}
{"v":2,"ts":"2026-09-23 14:55:22","category":"AUDIT","user":"User","level":"","action":"MENU","detail":"01"}
{"v":2,"ts":"2026-09-23 14:55:22","category":"AUDIT","user":"User","level":"","action":"SCAN_MINIMAL","detail":""}
{"v":2,"ts":"2026-09-23 14:55:27","category":"AUDIT","user":"User","level":"","action":"CANCEL","detail":""}
{"v":2,"ts":"2026-09-23 14:55:55","category":"AUDIT","user":"User","level":"","action":"APP_EXIT","detail":"User"}
{"v":2,"ts":"2026-09-23 14:55:59","category":"AUDIT","user":"User","level":"","action":"APP_START","detail":"GUI"}
{"v":2,"ts":"2026-09-23 14:56:05","category":"AUDIT","user":"User","level":"","action":"SECURITY_MONITOR_START","detail":"Interval=30s"}
{"v":2,"ts":"2026-09-23 14:56:05","category":"AUDIT","user":"User","level":"","action":"GET_ADMIN","detail":"User"}
{"v":2,"ts":"2026-09-23 14:56:16","category":"AUDIT","user":"User","level":"","action":"MENU","detail":"09"}
{"v":2,"ts":"2026-09-23 14:59:28","category":"AUDIT","user":"User","level":"","action":"APP_START","detail":"GUI"}
{"v":2,"ts":"2026-09-23 14:59:34","category":"AUDIT","user":"User","level":"","action":"SECURITY_MONITOR_START","detail":"Interval=30s"}
{"v":2,"ts":"2026-09-23 15:00:01","category":"AUDIT","user":"User","level":"","action":"GET_ADMIN","detail":"User"}
{"v":2,"ts":"2026-09-23 15:00:04","category":"AUDIT","user":"User","level":"","action":"MENU","detail":"09"}
{"v":2,"ts":"2026-09-23 15:01:16","category":"AUDIT","user":"User","level":"","action":"APP_EXIT","detail":"User"}
{"v":2,"ts":"2026-09-23 15:03:32","category":"AUDIT","user":"User","level":"","action":"APP_START","detail":"GUI"}
{"v":2,"ts":"2026-09-23 15:03:38","category":"AUDIT","user":"User","level":"","action":"SECURITY_MONITOR_START","detail":"Interval=30s"}
{"v":2,"ts":"2026-09-23 15:03:48","category":"AUDIT","user":"User","level":"","action":"GET_ADMIN","detail":"User"}
{"v":2,"ts":"2026-09-23 15:04:17","category":"AUDIT","user":"User","level":"","action":"MENU","detail":"06"}
{"v":2,"ts":"2026-09-23 15:04:23","category":"AUDIT","user":"User","level":"","action":"MENU","detail":"01"}
{"v":2,"ts":"2026-09-23 15:04:24","category":"AUDIT","user":"User","level":"","action":"SCAN_MINIMAL","detail":""}
{"v":2,"ts":"2026-09-23 15:05:45","category":"AUDIT","user":"User","level":"","action":"BROWSER_OPEN","detail":"192.168.178.1"}
{"v":2,"ts":"2026-09-23 15:06:11","category":"AUDIT","user":"User","level":"","action":"MENU","detail":"06"}
{"v":2,"ts":"2026-09-23 15:06:50","category":"AUDIT","user":"User","level":"","action":"MENU","detail":"20"}
{"v":2,"ts":"2026-09-23 15:06:50","category":"AUDIT","user":"User","level":"","action":"NETWORK_MAP","detail":""}
{"v":2,"ts":"2026-09-23 15:07:07","category":"AUDIT","user":"User","level":"","action":"APP_EXIT","detail":"User"}
{"v":2,"ts":"2026-09-23 15:12:22","category":"AUDIT","user":"User","level":"","action":"APP_START","detail":"GUI"}
{"v":2,"ts":"2026-09-23 15:12:28","category":"AUDIT","user":"User","level":"","action":"SECURITY_MONITOR_START","detail":"Interval=30s"}
{"v":2,"ts":"2026-09-23 15:12:29","category":"AUDIT","user":"User","level":"","action":"GET_ADMIN","detail":"User"}
{"v":2,"ts":"2026-09-23 15:13:10","category":"AUDIT","user":"User","level":"","action":"APP_EXIT","detail":"User"}
{"v":2,"ts":"2026-09-23 15:14:51","category":"AUDIT","user":"User","level":"","action":"APP_START","detail":"GUI"}
{"v":2,"ts":"2026-09-23 15:14:56","category":"AUDIT","user":"User","level":"","action":"GET_ADMIN","detail":"User"}
{"v":2,"ts":"2026-09-23 15:14:56","category":"AUDIT","user":"User","level":"","action":"SECURITY_MONITOR_START","detail":"Interval=30s"}
{"v":2,"ts":"2026-09-23 15:20:34","category":"AUDIT","user":"User","level":"","action":"APP_START","detail":"GUI"}
{"v":2,"ts":"2026-09-23 15:20:41","category":"AUDIT","user":"User","level":"","action":"SECURITY_MONITOR_START","detail":"Interval=30s"}
{"v":2,"ts":"2026-09-23 15:30:40","category":"AUDIT","user":"User","level":"","action":"GET_ADMIN","detail":"User"}
{"v":2,"ts":"2026-09-23 15:31:15","category":"AUDIT","user":"User","level":"","action":"ADMIN_PASSWORD_CHANGED","detail":"admin"}
{"v":2,"ts":"2026-09-23 15:31:25","category":"AUDIT","user":"User","level":"","action":"MENU","detail":"29"}
{"v":2,"ts":"2026-09-23 15:31:25","category":"AUDIT","user":"User","level":"","action":"DASHBOARD","detail":""}
{"v":2,"ts":"2026-09-23 15:31:33","category":"AUDIT","user":"User","level":"","action":"MENU","detail":"28"}
{"v":2,"ts":"2026-09-23 15:34:43","category":"AUDIT","user":"User","level":"","action":"APP_START","detail":"GUI"}
{"v":2,"ts":"2026-09-23 15:34:49","category":"AUDIT","user":"User","level":"","action":"SECURITY_MONITOR_START","detail":"Interval=30s"}
{"v":2,"ts":"2026-09-23 15:37:53","category":"AUDIT","user":"User","level":"","action":"APP_START","detail":"GUI"}
{"v":2,"ts":"2026-09-23 15:37:59","category":"AUDIT","user":"User","level":"","action":"SECURITY_MONITOR_START","detail":"Interval=30s"}
{"v":2,"ts":"2026-09-23 15:39:46","category":"AUDIT","user":"User","level":"","action":"APP_START","detail":"GUI"}
{"v":2,"ts":"2026-09-23 15:39:52","category":"AUDIT","user":"User","level":"","action":"SECURITY_MONITOR_START","detail":"Interval=30s"}
{"v":2,"ts":"2026-09-23 15:39:58","category":"AUDIT","user":"User","level":"","action":"APP_EXIT","detail":"User"}
{"v":2,"ts":"2026-10-06 13:01:08","category":"AUDIT","user":"User","level":"","action":"APP_START","detail":"GUI"}
{"v":2,"ts":"2026-10-06 13:01:15","category":"AUDIT","user":"User","level":"","action":"MENU","detail":"01"}
{"v":2,"ts":"2026-10-06 13:01:16","category":"AUDIT","user":"User","level":"","action":"SCAN_MINIMAL","detail":""}
{"v":2,"ts":"2026-10-06 13:01:17","category":"AUDIT","user":"User","level":"","action":"SECURITY_MONITOR_START","detail":"Interval=30s"}
{"v":2,"ts":"2026-10-06 13:02:00","category":"AUDIT","user":"User","level":"","action":"APP_EXIT","detail":"User"}
